Archive member included to satisfy reference by file (symbol)

c:/program files (x86)/atollic/truestudio for arm 6.0.0/armtools/bin/../lib/gcc/arm-atollic-eabi/5.3.1/../../../../arm-atollic-eabi/lib/armv7-m\libc.a(lib_a-init.o)
                              Application\TrueSTUDIO\startup_stm32f103xb.o (__libc_init_array)
c:/program files (x86)/atollic/truestudio for arm 6.0.0/armtools/bin/../lib/gcc/arm-atollic-eabi/5.3.1/../../../../arm-atollic-eabi/lib/armv7-m\libc.a(lib_a-memcpy-stub.o)
                              Middlewares\FreeRTOS\queue.o (memcpy)
c:/program files (x86)/atollic/truestudio for arm 6.0.0/armtools/bin/../lib/gcc/arm-atollic-eabi/5.3.1/../../../../arm-atollic-eabi/lib/armv7-m\libc.a(lib_a-memset.o)
                              Drivers\STM32F1xx_HAL_Driver\stm32f1xx_hal_rcc.o (memset)
c:/program files (x86)/atollic/truestudio for arm 6.0.0/armtools/bin/../lib/gcc/arm-atollic-eabi/5.3.1/armv7-m\libgcc.a(_lshrdi3.o)
                              Drivers\STM32F1xx_HAL_Driver\stm32f1xx_hal_flash.o (__aeabi_llsr)

Allocating common symbols
Common symbol       size              file

xQueueRegistry      0x40              Middlewares\FreeRTOS\queue.o
pFlash              0x20              Drivers\STM32F1xx_HAL_Driver\stm32f1xx_hal_flash.o

Discarded input sections

 .text          0x00000000        0x0 c:/program files (x86)/atollic/truestudio for arm 6.0.0/armtools/bin/../lib/gcc/arm-atollic-eabi/5.3.1/armv7-m/crti.o
 .data          0x00000000        0x0 c:/program files (x86)/atollic/truestudio for arm 6.0.0/armtools/bin/../lib/gcc/arm-atollic-eabi/5.3.1/armv7-m/crti.o
 .bss           0x00000000        0x0 c:/program files (x86)/atollic/truestudio for arm 6.0.0/armtools/bin/../lib/gcc/arm-atollic-eabi/5.3.1/armv7-m/crti.o
 .data          0x00000000        0x4 c:/program files (x86)/atollic/truestudio for arm 6.0.0/armtools/bin/../lib/gcc/arm-atollic-eabi/5.3.1/armv7-m/crtbegin.o
 .text          0x00000000       0x14 Application\TrueSTUDIO\startup_stm32f103xb.o
 .data          0x00000000        0x0 Application\TrueSTUDIO\startup_stm32f103xb.o
 .bss           0x00000000        0x0 Application\TrueSTUDIO\startup_stm32f103xb.o
 .text          0x00000000        0x0 Drivers\CMSIS\system_stm32f1xx.o
 .data          0x00000000        0x0 Drivers\CMSIS\system_stm32f1xx.o
 .bss           0x00000000        0x0 Drivers\CMSIS\system_stm32f1xx.o
 .text.SystemCoreClockUpdate
                0x00000000       0x5c Drivers\CMSIS\system_stm32f1xx.o
 .rodata.AHBPrescTable
                0x00000000       0x10 Drivers\CMSIS\system_stm32f1xx.o
 .rodata.APBPrescTable
                0x00000000        0x8 Drivers\CMSIS\system_stm32f1xx.o
 .data.SystemCoreClock
                0x00000000        0x4 Drivers\CMSIS\system_stm32f1xx.o
 .text          0x00000000        0x0 Drivers\STM32F1xx_HAL_Driver\stm32f1xx_hal.o
 .data          0x00000000        0x0 Drivers\STM32F1xx_HAL_Driver\stm32f1xx_hal.o
 .bss           0x00000000        0x0 Drivers\STM32F1xx_HAL_Driver\stm32f1xx_hal.o
 .text.HAL_MspInit
                0x00000000        0x2 Drivers\STM32F1xx_HAL_Driver\stm32f1xx_hal.o
 .text.HAL_MspDeInit
                0x00000000        0x2 Drivers\STM32F1xx_HAL_Driver\stm32f1xx_hal.o
 .text.HAL_DeInit
                0x00000000       0x20 Drivers\STM32F1xx_HAL_Driver\stm32f1xx_hal.o
 .text.HAL_InitTick
                0x00000000       0x24 Drivers\STM32F1xx_HAL_Driver\stm32f1xx_hal.o
 .text.HAL_Init
                0x00000000       0x24 Drivers\STM32F1xx_HAL_Driver\stm32f1xx_hal.o
 .text.HAL_IncTick
                0x00000000       0x10 Drivers\STM32F1xx_HAL_Driver\stm32f1xx_hal.o
 .text.HAL_GetTick
                0x00000000        0xc Drivers\STM32F1xx_HAL_Driver\stm32f1xx_hal.o
 .text.HAL_Delay
                0x00000000       0x1a Drivers\STM32F1xx_HAL_Driver\stm32f1xx_hal.o
 .text.HAL_SuspendTick
                0x00000000       0x10 Drivers\STM32F1xx_HAL_Driver\stm32f1xx_hal.o
 .text.HAL_ResumeTick
                0x00000000       0x10 Drivers\STM32F1xx_HAL_Driver\stm32f1xx_hal.o
 .text.HAL_GetHalVersion
                0x00000000        0x8 Drivers\STM32F1xx_HAL_Driver\stm32f1xx_hal.o
 .text.HAL_GetREVID
                0x00000000       0x1c Drivers\STM32F1xx_HAL_Driver\stm32f1xx_hal.o
 .text.HAL_GetDEVID
                0x00000000       0x10 Drivers\STM32F1xx_HAL_Driver\stm32f1xx_hal.o
 .text.HAL_DBGMCU_EnableDBGSleepMode
                0x00000000       0x10 Drivers\STM32F1xx_HAL_Driver\stm32f1xx_hal.o
 .text.HAL_DBGMCU_DisableDBGSleepMode
                0x00000000       0x10 Drivers\STM32F1xx_HAL_Driver\stm32f1xx_hal.o
 .text.HAL_DBGMCU_EnableDBGStopMode
                0x00000000       0x10 Drivers\STM32F1xx_HAL_Driver\stm32f1xx_hal.o
 .text.HAL_DBGMCU_DisableDBGStopMode
                0x00000000       0x10 Drivers\STM32F1xx_HAL_Driver\stm32f1xx_hal.o
 .text.HAL_DBGMCU_EnableDBGStandbyMode
[...]
Memory Configuration

Name             Origin             Length             Attributes
RAM              0x20000000         0x00005000         xrw
FLASH            0x08000000         0x00020000         xr
*default*        0x00000000         0xffffffff

Linker script and memory map

LOAD c:/program files (x86)/atollic/truestudio for arm 6.0.0/armtools/bin/../lib/gcc/arm-atollic-eabi/5.3.1/armv7-m/crti.o
LOAD c:/program files (x86)/atollic/truestudio for arm 6.0.0/armtools/bin/../lib/gcc/arm-atollic-eabi/5.3.1/armv7-m/crtbegin.o
LOAD Application\TrueSTUDIO\startup_stm32f103xb.o
LOAD Drivers\CMSIS\system_stm32f1xx.o
LOAD Drivers\STM32F1xx_HAL_Driver\stm32f1xx_hal.o
LOAD Drivers\STM32F1xx_HAL_Driver\stm32f1xx_hal_cortex.o
LOAD Drivers\STM32F1xx_HAL_Driver\stm32f1xx_hal_dma.o
LOAD Drivers\STM32F1xx_HAL_Driver\stm32f1xx_hal_flash.o
LOAD Drivers\STM32F1xx_HAL_Driver\stm32f1xx_hal_flash_ex.o
LOAD Drivers\STM32F1xx_HAL_Driver\stm32f1xx_hal_gpio.o
LOAD Drivers\STM32F1xx_HAL_Driver\stm32f1xx_hal_gpio_ex.o
LOAD Drivers\STM32F1xx_HAL_Driver\stm32f1xx_hal_pwr.o
LOAD Drivers\STM32F1xx_HAL_Driver\stm32f1xx_hal_rcc.o
LOAD Drivers\STM32F1xx_HAL_Driver\stm32f1xx_hal_rcc_ex.o
LOAD Drivers\STM32F1xx_HAL_Driver\stm32f1xx_hal_tim.o
LOAD Drivers\STM32F1xx_HAL_Driver\stm32f1xx_hal_tim_ex.o
LOAD Drivers\STM32F1xx_HAL_Driver\stm32f1xx_hal_uart.o
LOAD Middlewares\FreeRTOS\cmsis_os.o
LOAD Middlewares\FreeRTOS\croutine.o
LOAD Middlewares\FreeRTOS\event_groups.o
LOAD Middlewares\FreeRTOS\heap_4.o
LOAD Middlewares\FreeRTOS\list.o
LOAD Middlewares\FreeRTOS\port.o
LOAD Middlewares\FreeRTOS\queue.o
LOAD Middlewares\FreeRTOS\tasks.o
LOAD Middlewares\FreeRTOS\timers.o
START GROUP
LOAD c:/program files (x86)/atollic/truestudio for arm 6.0.0/armtools/bin/../lib/gcc/arm-atollic-eabi/5.3.1/../../../../arm-atollic-eabi/lib/armv7-m\libc.a
LOAD c:/program files (x86)/atollic/truestudio for arm 6.0.0/armtools/bin/../lib/gcc/arm-atollic-eabi/5.3.1/../../../../arm-atollic-eabi/lib/armv7-m\libm.a
END GROUP
                0x00000080                malloc_getpagesize_P = 0x80
START GROUP
LOAD c:/program files (x86)/atollic/truestudio for arm 6.0.0/armtools/bin/../lib/gcc/arm-atollic-eabi/5.3.1/armv7-m\libgcc.a
LOAD c:/program files (x86)/atollic/truestudio for arm 6.0.0/armtools/bin/../lib/gcc/arm-atollic-eabi/5.3.1/../../../../arm-atollic-eabi/lib/armv7-m\libc.a
END GROUP
START GROUP
LOAD c:/program files (x86)/atollic/truestudio for arm 6.0.0/armtools/bin/../lib/gcc/arm-atollic-eabi/5.3.1/armv7-m\libgcc.a
LOAD c:/program files (x86)/atollic/truestudio for arm 6.0.0/armtools/bin/../lib/gcc/arm-atollic-eabi/5.3.1/../../../../arm-atollic-eabi/lib/armv7-m\libc.a
LOAD c:/program files (x86)/atollic/truestudio for arm 6.0.0/armtools/bin/../lib/gcc/arm-atollic-eabi/5.3.1/../../../../arm-atollic-eabi/lib/armv7-m\libnosys.a
END GROUP
LOAD c:/program files (x86)/atollic/truestudio for arm 6.0.0/armtools/bin/../lib/gcc/arm-atollic-eabi/5.3.1/armv7-m/crtend.o
LOAD c:/program files (x86)/atollic/truestudio for arm 6.0.0/armtools/bin/../lib/gcc/arm-atollic-eabi/5.3.1/armv7-m/crtn.o
                0x20005000                _estack = 0x20005000
                0x00000200                _Min_Heap_Size = 0x200
                0x00000400                _Min_Stack_Size = 0x400

.isr_vector     0x08000000      0x10c
                0x08000000                . = ALIGN (0x4)
 *(.isr_vector)
 .isr_vector    0x08000000      0x10c Application\TrueSTUDIO\startup_stm32f103xb.o
                0x08000000                g_pfnVectors
                0x0800010c                . = ALIGN (0x4)

.text           0x0800010c      0x21c
                0x0800010c                . = ALIGN (0x4)
 *(.text)
 .text          0x0800010c       0x40 c:/program files (x86)/atollic/truestudio for arm 6.0.0/armtools/bin/../lib/gcc/arm-atollic-eabi/5.3.1/armv7-m/crtbegin.o
 *(.text*)
 .text.Reset_Handler
                0x0800014c       0x48 Application\TrueSTUDIO\startup_stm32f103xb.o
                0x0800014c                Reset_Handler
 .text.Default_Handler
                0x08000194        0x2 Application\TrueSTUDIO\startup_stm32f103xb.o
                0x08000194                RTC_Alarm_IRQHandler
                0x08000194                EXTI2_IRQHandler
                0x08000194                DebugMon_Handler
                0x08000194                TIM1_CC_IRQHandler
                0x08000194                HardFault_Handler
                0x08000194                SysTick_Handler
                0x08000194                PVD_IRQHandler
                0x08000194                NMI_Handler
                0x08000194                EXTI3_IRQHandler
                0x08000194                EXTI0_IRQHandler
                0x08000194                I2C2_EV_IRQHandler
                0x08000194                UsageFault_Handler
                0x08000194                ADC1_2_IRQHandler
                0x08000194                SPI1_IRQHandler
                0x08000194                TAMPER_IRQHandler
                0x08000194                DMA1_Channel4_IRQHandler
                0x08000194                USART3_IRQHandler
                0x08000194                RTC_IRQHandler
                0x08000194                DMA1_Channel7_IRQHandler
                0x08000194                CAN1_RX1_IRQHandler
                0x08000194                TIM4_IRQHandler
                0x08000194                I2C1_EV_IRQHandler
                0x08000194                DMA1_Channel6_IRQHandler
                0x08000194                TIM3_IRQHandler
                0x08000194                RCC_IRQHandler
                0x08000194                TIM1_TRG_COM_IRQHandler
                0x08000194                DMA1_Channel1_IRQHandler
                0x08000194                Default_Handler
                0x08000194                EXTI15_10_IRQHandler
                0x08000194                EXTI9_5_IRQHandler
                0x08000194                SPI2_IRQHandler
                0x08000194                MemManage_Handler
                0x08000194                DMA1_Channel5_IRQHandler
                0x08000194                EXTI4_IRQHandler
                0x08000194                USB_LP_CAN1_RX0_IRQHandler
                0x08000194                USB_HP_CAN1_TX_IRQHandler
                0x08000194                DMA1_Channel3_IRQHandler
                0x08000194                TIM1_UP_IRQHandler
                0x08000194                WWDG_IRQHandler
                0x08000194                TIM2_IRQHandler
                0x08000194                TIM1_BRK_IRQHandler
                0x08000194                EXTI1_IRQHandler
                0x08000194                USART2_IRQHandler
                0x08000194                I2C2_ER_IRQHandler
                0x08000194                DMA1_Channel2_IRQHandler
                0x08000194                CAN1_SCE_IRQHandler
                0x08000194                FLASH_IRQHandler
                0x08000194                BusFault_Handler
                0x08000194                USART1_IRQHandler
                0x08000194                I2C1_ER_IRQHandler
                0x08000194                USBWakeUp_IRQHandler
 *fill*         0x08000196        0x2 
 .text.SystemInit
                0x08000198       0x4c Drivers\CMSIS\system_stm32f1xx.o
                0x08000198                SystemInit
 .text.SVC_Handler
                0x080001e4       0x24 Middlewares\FreeRTOS\port.o
                0x080001e4                SVC_Handler
 .text.ulPortSetInterruptMask
                0x08000208       0x10 Middlewares\FreeRTOS\port.o
                0x08000208                ulPortSetInterruptMask
 .text.PendSV_Handler
                0x08000218       0x44 Middlewares\FreeRTOS\port.o
                0x08000218                PendSV_Handler
 .text.vTaskSwitchContext
                0x0800025c       0x68 Middlewares\FreeRTOS\tasks.o
                0x0800025c                vTaskSwitchContext
 .text.__libc_init_array
                0x080002c4       0x4c c:/program files (x86)/atollic/truestudio for arm 6.0.0/armtools/bin/../lib/gcc/arm-atollic-eabi/5.3.1/../../../../arm-atollic-eabi/lib/armv7-m\libc.a(lib_a-init.o)
                0x080002c4                __libc_init_array
 *(.glue_7)
 .glue_7        0x08000310        0x0 linker stubs
 *(.glue_7t)
 .glue_7t       0x08000310        0x0 linker stubs
 *(.eh_frame)
 .eh_frame      0x08000310        0x0 c:/program files (x86)/atollic/truestudio for arm 6.0.0/armtools/bin/../lib/gcc/arm-atollic-eabi/5.3.1/armv7-m/crtbegin.o
 *(.init)
 .init          0x08000310        0x4 c:/program files (x86)/atollic/truestudio for arm 6.0.0/armtools/bin/../lib/gcc/arm-atollic-eabi/5.3.1/armv7-m/crti.o
                0x08000310                _init
 .init          0x08000314        0x8 c:/program files (x86)/atollic/truestudio for arm 6.0.0/armtools/bin/../lib/gcc/arm-atollic-eabi/5.3.1/armv7-m/crtn.o
 *(.fini)
 .fini          0x0800031c        0x4 c:/program files (x86)/atollic/truestudio for arm 6.0.0/armtools/bin/../lib/gcc/arm-atollic-eabi/5.3.1/armv7-m/crti.o
                0x0800031c                _fini
 .fini          0x08000320        0x8 c:/program files (x86)/atollic/truestudio for arm 6.0.0/armtools/bin/../lib/gcc/arm-atollic-eabi/5.3.1/armv7-m/crtn.o
                0x08000328                . = ALIGN (0x4)
                0x08000328                _etext = .

.vfp11_veneer   0x08000328        0x0
 .vfp11_veneer  0x08000328        0x0 linker stubs

.v4_bx          0x08000328        0x0
 .v4_bx         0x08000328        0x0 linker stubs

.iplt           0x08000328        0x0
 .iplt          0x08000328        0x0 c:/program files (x86)/atollic/truestudio for arm 6.0.0/armtools/bin/../lib/gcc/arm-atollic-eabi/5.3.1/armv7-m/crtbegin.o

.rel.dyn        0x08000328        0x0
 .rel.iplt      0x08000328        0x0 c:/program files (x86)/atollic/truestudio for arm 6.0.0/armtools/bin/../lib/gcc/arm-atollic-eabi/5.3.1/armv7-m/crtbegin.o

.rodata         0x08000328        0x0
                0x08000328                . = ALIGN (0x4)
 *(.rodata)
 *(.rodata*)
                0x08000328                . = ALIGN (0x4)

.ARM.extab
 *(.ARM.extab* .gnu.linkonce.armextab.*)

.ARM            0x08000328        0x0
                0x08000328                __exidx_start = .
 *(.ARM.exidx*)
                0x08000328                __exidx_end = .

.preinit_array  0x08000328        0x0
                0x08000328                PROVIDE (__preinit_array_start, .)
 *(.preinit_array*)
                0x08000328                PROVIDE (__preinit_array_end, .)

.init_array     0x08000328        0x4
                0x08000328                PROVIDE (__init_array_start, .)
 *(SORT(.init_array.*))
 *(.init_array*)
 .init_array    0x08000328        0x4 c:/program files (x86)/atollic/truestudio for arm 6.0.0/armtools/bin/../lib/gcc/arm-atollic-eabi/5.3.1/armv7-m/crtbegin.o
                0x0800032c                PROVIDE (__init_array_end, .)

.fini_array     0x0800032c        0x4
                [!provide]                PROVIDE (__fini_array_start, .)
 *(SORT(.fini_array.*))
 *(.fini_array*)
 .fini_array    0x0800032c        0x4 c:/program files (x86)/atollic/truestudio for arm 6.0.0/armtools/bin/../lib/gcc/arm-atollic-eabi/5.3.1/armv7-m/crtbegin.o
                [!provide]                PROVIDE (__fini_array_end, .)
                0x08000330                _sidata = LOADADDR (.data)

.data           0x20000000        0x0 load address 0x08000330
                0x20000000                . = ALIGN (0x4)
                0x20000000                _sdata = .
 *(.data)
 *(.data*)
                0x20000000                . = ALIGN (0x4)
                0x20000000                _edata = .

.igot.plt       0x20000000        0x0 load address 0x08000330
 .igot.plt      0x20000000        0x0 c:/program files (x86)/atollic/truestudio for arm 6.0.0/armtools/bin/../lib/gcc/arm-atollic-eabi/5.3.1/armv7-m/crtbegin.o
                0x20000000                . = ALIGN (0x4)

.bss            0x20000000       0xb8 load address 0x08000330
                0x20000000                _sbss = .
                0x20000000                __bss_start__ = _sbss
 *(.bss)
 .bss           0x20000000       0x1c c:/program files (x86)/atollic/truestudio for arm 6.0.0/armtools/bin/../lib/gcc/arm-atollic-eabi/5.3.1/armv7-m/crtbegin.o
 *(.bss*)
 .bss.pxReadyTasksLists
                0x2000001c       0x8c Middlewares\FreeRTOS\tasks.o
 .bss.pxCurrentTCB
                0x200000a8        0x4 Middlewares\FreeRTOS\tasks.o
                0x200000a8                pxCurrentTCB
 .bss.uxSchedulerSuspended
                0x200000ac        0x4 Middlewares\FreeRTOS\tasks.o
 .bss.uxTopReadyPriority
                0x200000b0        0x4 Middlewares\FreeRTOS\tasks.o
 .bss.xYieldPending
                0x200000b4        0x4 Middlewares\FreeRTOS\tasks.o
 *(COMMON)
                0x200000b8                . = ALIGN (0x4)
                0x200000b8                _ebss = .
                0x200000b8                __bss_end__ = _ebss

._user_heap_stack
                0x200000b8      0x600 load address 0x08000330
                0x200000b8                . = ALIGN (0x4)
                [!provide]                PROVIDE (end, .)
                [!provide]                PROVIDE (_end, .)
                0x200002b8                . = (. + _Min_Heap_Size)
 *fill*         0x200000b8      0x200 
                0x200006b8                . = (. + _Min_Stack_Size)
 *fill*         0x200002b8      0x400 
                0x200006b8                . = ALIGN (0x4)

/DISCARD/
 libc.a(*)
 libm.a(*)
 libgcc.a(*)

.ARM.attributes
                0x00000000       0x29
 *(.ARM.attributes)
 .ARM.attributes
                0x00000000       0x1d c:/program files (x86)/atollic/truestudio for arm 6.0.0/armtools/bin/../lib/gcc/arm-atollic-eabi/5.3.1/armv7-m/crti.o
 .ARM.attributes
                0x0000001d       0x2d c:/program files (x86)/atollic/truestudio for arm 6.0.0/armtools/bin/../lib/gcc/arm-atollic-eabi/5.3.1/armv7-m/crtbegin.o
 .ARM.attributes
                0x0000004a       0x21 Application\TrueSTUDIO\startup_stm32f103xb.o
 .ARM.attributes
                0x0000006b       0x33 Drivers\CMSIS\system_stm32f1xx.o
 .ARM.attributes
                0x0000009e       0x33 Middlewares\FreeRTOS\port.o
 .ARM.attributes
                0x000000d1       0x33 Middlewares\FreeRTOS\tasks.o
 .ARM.attributes
                0x00000104       0x2d c:/program files (x86)/atollic/truestudio for arm 6.0.0/armtools/bin/../lib/gcc/arm-atollic-eabi/5.3.1/../../../../arm-atollic-eabi/lib/armv7-m\libc.a(lib_a-init.o)
 .ARM.attributes
                0x00000131       0x1d c:/program files (x86)/atollic/truestudio for arm 6.0.0/armtools/bin/../lib/gcc/arm-atollic-eabi/5.3.1/armv7-m/crtn.o
OUTPUT(RTOS_baseline.elf elf32-littlearm)

.debug_line     0x00000000     0x1140
 .debug_line    0x00000000       0xb2 Application\TrueSTUDIO\startup_stm32f103xb.o
 .debug_line    0x000000b2      0x211 Drivers\CMSIS\system_stm32f1xx.o
 .debug_line    0x000002c3      0x33d Middlewares\FreeRTOS\port.o
 .debug_line    0x00000600      0xb40 Middlewares\FreeRTOS\tasks.o

.debug_info     0x00000000     0x2a7f
 .debug_info    0x00000000       0xd0 Application\TrueSTUDIO\startup_stm32f103xb.o
 .debug_info    0x000000d0      0x3e7 Drivers\CMSIS\system_stm32f1xx.o
 .debug_info    0x000004b7      0x3e3 Middlewares\FreeRTOS\port.o
 .debug_info    0x0000089a     0x21e5 Middlewares\FreeRTOS\tasks.o

.debug_abbrev   0x00000000      0x676
 .debug_abbrev  0x00000000       0x12 Application\TrueSTUDIO\startup_stm32f103xb.o
 .debug_abbrev  0x00000012      0x122 Drivers\CMSIS\system_stm32f1xx.o
 .debug_abbrev  0x00000134      0x20d Middlewares\FreeRTOS\port.o
 .debug_abbrev  0x00000341      0x335 Middlewares\FreeRTOS\tasks.o

.debug_aranges  0x00000000      0x260
 .debug_aranges
                0x00000000       0x28 Application\TrueSTUDIO\startup_stm32f103xb.o
 .debug_aranges
                0x00000028       0x28 Drivers\CMSIS\system_stm32f1xx.o
 .debug_aranges
                0x00000050       0x90 Middlewares\FreeRTOS\port.o
 .debug_aranges
                0x000000e0      0x180 Middlewares\FreeRTOS\tasks.o

.debug_ranges   0x00000000      0x2c0
 .debug_ranges  0x00000000       0x20 Application\TrueSTUDIO\startup_stm32f103xb.o
 .debug_ranges  0x00000020       0x18 Drivers\CMSIS\system_stm32f1xx.o
 .debug_ranges  0x00000038       0x80 Middlewares\FreeRTOS\port.o
 .debug_ranges  0x000000b8      0x208 Middlewares\FreeRTOS\tasks.o

.debug_loc      0x00000000     0x1c88
 .debug_loc     0x00000000       0xaa Drivers\CMSIS\system_stm32f1xx.o
 .debug_loc     0x000000aa       0x8c Middlewares\FreeRTOS\port.o
 .debug_loc     0x00000136     0x1b52 Middlewares\FreeRTOS\tasks.o

.debug_str      0x00000000     0x11dc
 .debug_str     0x00000000      0x2cf Drivers\CMSIS\system_stm32f1xx.o
                                0x321 (size before relaxing)
 .debug_str     0x000002cf      0x2aa Middlewares\FreeRTOS\port.o
                                0x476 (size before relaxing)
 .debug_str     0x00000579      0xc63 Middlewares\FreeRTOS\tasks.o
                                0xf8a (size before relaxing)

.comment        0x00000000       0x7e
 .comment       0x00000000       0x7e Drivers\CMSIS\system_stm32f1xx.o
                                 0x7f (size before relaxing)
 .comment       0x0000007e       0x7f Middlewares\FreeRTOS\port.o
 .comment       0x0000007e       0x7f Middlewares\FreeRTOS\tasks.o

.debug_frame    0x00000000      0x704
 .debug_frame   0x00000000       0x30 Drivers\CMSIS\system_stm32f1xx.o
 .debug_frame   0x00000030      0x144 Middlewares\FreeRTOS\port.o
 .debug_frame   0x00000174      0x564 Middlewares\FreeRTOS\tasks.o
 .debug_frame   0x000006d8       0x2c c:/program files (x86)/atollic/truestudio for arm 6.0.0/armtools/bin/../lib/gcc/arm-atollic-eabi/5.3.1/../../../../arm-atollic-eabi/lib/armv7-m\libc.a(lib_a-init.o)

Cross Reference Table

Symbol                                            File
ADC1_2_IRQHandler                                 Application\TrueSTUDIO\startup_stm32f103xb.o
AHBPrescTable                                     Drivers\CMSIS\system_stm32f1xx.o
                                                  Drivers\STM32F1xx_HAL_Driver\stm32f1xx_hal_rcc.o
APBPrescTable                                     Drivers\CMSIS\system_stm32f1xx.o
                                                  Drivers\STM32F1xx_HAL_Driver\stm32f1xx_hal_rcc.o
BusFault_Handler                                  Application\TrueSTUDIO\startup_stm32f103xb.o
CAN1_RX1_IRQHandler                               Application\TrueSTUDIO\startup_stm32f103xb.o
CAN1_SCE_IRQHandler                               Application\TrueSTUDIO\startup_stm32f103xb.o
DMA1_Channel1_IRQHandler                          Application\TrueSTUDIO\startup_stm32f103xb.o
DMA1_Channel2_IRQHandler                          Application\TrueSTUDIO\startup_stm32f103xb.o
DMA1_Channel3_IRQHandler                          Application\TrueSTUDIO\startup_stm32f103xb.o
DMA1_Channel4_IRQHandler                          Application\TrueSTUDIO\startup_stm32f103xb.o
DMA1_Channel5_IRQHandler                          Application\TrueSTUDIO\startup_stm32f103xb.o
DMA1_Channel6_IRQHandler                          Application\TrueSTUDIO\startup_stm32f103xb.o
DMA1_Channel7_IRQHandler                          Application\TrueSTUDIO\startup_stm32f103xb.o
DebugMon_Handler                                  Application\TrueSTUDIO\startup_stm32f103xb.o
Default_Handler                                   Application\TrueSTUDIO\startup_stm32f103xb.o
EXTI0_IRQHandler                                  Application\TrueSTUDIO\startup_stm32f103xb.o
EXTI15_10_IRQHandler                              Application\TrueSTUDIO\startup_stm32f103xb.o
EXTI1_IRQHandler                                  Application\TrueSTUDIO\startup_stm32f103xb.o
EXTI2_IRQHandler                                  Application\TrueSTUDIO\startup_stm32f103xb.o
EXTI3_IRQHandler                                  Application\TrueSTUDIO\startup_stm32f103xb.o
EXTI4_IRQHandler                                  Application\TrueSTUDIO\startup_stm32f103xb.o
EXTI9_5_IRQHandler                                Application\TrueSTUDIO\startup_stm32f103xb.o
FLASH_IRQHandler                                  Application\TrueSTUDIO\startup_stm32f103xb.o
FLASH_PageErase                                   Drivers\STM32F1xx_HAL_Driver\stm32f1xx_hal_flash_ex.o
                                                  Drivers\STM32F1xx_HAL_Driver\stm32f1xx_hal_flash.o
FLASH_WaitForLastOperation                        Drivers\STM32F1xx_HAL_Driver\stm32f1xx_hal_flash.o
                                                  Drivers\STM32F1xx_HAL_Driver\stm32f1xx_hal_flash_ex.o
HAL_DBGMCU_DisableDBGSleepMode                    Drivers\STM32F1xx_HAL_Driver\stm32f1xx_hal.o
HAL_DBGMCU_DisableDBGStandbyMode                  Drivers\STM32F1xx_HAL_Driver\stm32f1xx_hal.o
HAL_DBGMCU_DisableDBGStopMode                     Drivers\STM32F1xx_HAL_Driver\stm32f1xx_hal.o
HAL_DBGMCU_EnableDBGSleepMode                     Drivers\STM32F1xx_HAL_Driver\stm32f1xx_hal.o
HAL_DBGMCU_EnableDBGStandbyMode                   Drivers\STM32F1xx_HAL_Driver\stm32f1xx_hal.o
HAL_DBGMCU_EnableDBGStopMode                      Drivers\STM32F1xx_HAL_Driver\stm32f1xx_hal.o
HAL_DMA_Abort                                     Drivers\STM32F1xx_HAL_Driver\stm32f1xx_hal_dma.o
                                                  Drivers\STM32F1xx_HAL_Driver\stm32f1xx_hal_uart.o
                                                  Drivers\STM32F1xx_HAL_Driver\stm32f1xx_hal_tim.o
HAL_DMA_DeInit                                    Drivers\STM32F1xx_HAL_Driver\stm32f1xx_hal_dma.o
HAL_DMA_GetError                                  Drivers\STM32F1xx_HAL_Driver\stm32f1xx_hal_dma.o
HAL_DMA_GetState                                  Drivers\STM32F1xx_HAL_Driver\stm32f1xx_hal_dma.o
HAL_DMA_IRQHandler                                Drivers\STM32F1xx_HAL_Driver\stm32f1xx_hal_dma.o
HAL_DMA_Init                                      Drivers\STM32F1xx_HAL_Driver\stm32f1xx_hal_dma.o
HAL_DMA_PollForTransfer                           Drivers\STM32F1xx_HAL_Driver\stm32f1xx_hal_dma.o
HAL_DMA_Start                                     Drivers\STM32F1xx_HAL_Driver\stm32f1xx_hal_dma.o
HAL_DMA_Start_IT                                  Drivers\STM32F1xx_HAL_Driver\stm32f1xx_hal_dma.o
                                                  Drivers\STM32F1xx_HAL_Driver\stm32f1xx_hal_uart.o
                                                  Drivers\STM32F1xx_HAL_Driver\stm32f1xx_hal_tim_ex.o
                                                  Drivers\STM32F1xx_HAL_Driver\stm32f1xx_hal_tim.o
HAL_DeInit                                        Drivers\STM32F1xx_HAL_Driver\stm32f1xx_hal.o
HAL_Delay                                         Drivers\STM32F1xx_HAL_Driver\stm32f1xx_hal.o
                                                  Drivers\STM32F1xx_HAL_Driver\stm32f1xx_hal_rcc.o
HAL_FLASHEx_Erase                                 Drivers\STM32F1xx_HAL_Driver\stm32f1xx_hal_flash_ex.o
HAL_FLASHEx_Erase_IT                              Drivers\STM32F1xx_HAL_Driver\stm32f1xx_hal_flash_ex.o
HAL_FLASHEx_OBErase                               Drivers\STM32F1xx_HAL_Driver\stm32f1xx_hal_flash_ex.o
HAL_FLASHEx_OBGetConfig                           Drivers\STM32F1xx_HAL_Driver\stm32f1xx_hal_flash_ex.o
HAL_FLASHEx_OBGetUserData                         Drivers\STM32F1xx_HAL_Driver\stm32f1xx_hal_flash_ex.o
HAL_FLASHEx_OBProgram                             Drivers\STM32F1xx_HAL_Driver\stm32f1xx_hal_flash_ex.o
HAL_FLASH_EndOfOperationCallback                  Drivers\STM32F1xx_HAL_Driver\stm32f1xx_hal_flash.o
HAL_FLASH_GetError                                Drivers\STM32F1xx_HAL_Driver\stm32f1xx_hal_flash.o
HAL_FLASH_IRQHandler                              Drivers\STM32F1xx_HAL_Driver\stm32f1xx_hal_flash.o
HAL_FLASH_Lock                                    Drivers\STM32F1xx_HAL_Driver\stm32f1xx_hal_flash.o
HAL_FLASH_OB_Launch                               Drivers\STM32F1xx_HAL_Driver\stm32f1xx_hal_flash.o
HAL_FLASH_OB_Lock                                 Drivers\STM32F1xx_HAL_Driver\stm32f1xx_hal_flash.o
HAL_FLASH_OB_Unlock                               Drivers\STM32F1xx_HAL_Driver\stm32f1xx_hal_flash.o
HAL_FLASH_OperationErrorCallback                  Drivers\STM32F1xx_HAL_Driver\stm32f1xx_hal_flash.o
HAL_FLASH_Program                                 Drivers\STM32F1xx_HAL_Driver\stm32f1xx_hal_flash.o
HAL_FLASH_Program_IT                              Drivers\STM32F1xx_HAL_Driver\stm32f1xx_hal_flash.o
HAL_FLASH_Unlock                                  Drivers\STM32F1xx_HAL_Driver\stm32f1xx_hal_flash.o
HAL_GPIOEx_ConfigEventout                         Drivers\STM32F1xx_HAL_Driver\stm32f1xx_hal_gpio_ex.o
HAL_GPIOEx_DisableEventout                        Drivers\STM32F1xx_HAL_Driver\stm32f1xx_hal_gpio_ex.o
HAL_GPIOEx_EnableEventout                         Drivers\STM32F1xx_HAL_Driver\stm32f1xx_hal_gpio_ex.o
HAL_GPIO_DeInit                                   Drivers\STM32F1xx_HAL_Driver\stm32f1xx_hal_gpio.o
HAL_GPIO_EXTI_Callback                            Drivers\STM32F1xx_HAL_Driver\stm32f1xx_hal_gpio.o
HAL_GPIO_EXTI_IRQHandler                          Drivers\STM32F1xx_HAL_Driver\stm32f1xx_hal_gpio.o
HAL_GPIO_Init                                     Drivers\STM32F1xx_HAL_Driver\stm32f1xx_hal_gpio.o
                                                  Drivers\STM32F1xx_HAL_Driver\stm32f1xx_hal_rcc.o
HAL_GPIO_LockPin                                  Drivers\STM32F1xx_HAL_Driver\stm32f1xx_hal_gpio.o
HAL_GPIO_ReadPin                                  Drivers\STM32F1xx_HAL_Driver\stm32f1xx_hal_gpio.o
HAL_GPIO_TogglePin                                Drivers\STM32F1xx_HAL_Driver\stm32f1xx_hal_gpio.o
HAL_GPIO_WritePin                                 Drivers\STM32F1xx_HAL_Driver\stm32f1xx_hal_gpio.o
HAL_GetDEVID                                      Drivers\STM32F1xx_HAL_Driver\stm32f1xx_hal.o
HAL_GetHalVersion                                 Drivers\STM32F1xx_HAL_Driver\stm32f1xx_hal.o
HAL_GetREVID                                      Drivers\STM32F1xx_HAL_Driver\stm32f1xx_hal.o
HAL_GetTick                                       Drivers\STM32F1xx_HAL_Driver\stm32f1xx_hal.o
                                                  Drivers\STM32F1xx_HAL_Driver\stm32f1xx_hal_uart.o
                                                  Drivers\STM32F1xx_HAL_Driver\stm32f1xx_hal_rcc_ex.o
                                                  Drivers\STM32F1xx_HAL_Driver\stm32f1xx_hal_rcc.o
                                                  Drivers\STM32F1xx_HAL_Driver\stm32f1xx_hal_flash.o
                                                  Drivers\STM32F1xx_HAL_Driver\stm32f1xx_hal_dma.o
HAL_HalfDuplex_EnableReceiver                     Drivers\STM32F1xx_HAL_Driver\stm32f1xx_hal_uart.o
HAL_HalfDuplex_EnableTransmitter                  Drivers\STM32F1xx_HAL_Driver\stm32f1xx_hal_uart.o
HAL_HalfDuplex_Init                               Drivers\STM32F1xx_HAL_Driver\stm32f1xx_hal_uart.o
HAL_IncTick                                       Drivers\STM32F1xx_HAL_Driver\stm32f1xx_hal.o
HAL_Init                                          Drivers\STM32F1xx_HAL_Driver\stm32f1xx_hal.o
HAL_InitTick                                      Drivers\STM32F1xx_HAL_Driver\stm32f1xx_hal.o
                                                  Drivers\STM32F1xx_HAL_Driver\stm32f1xx_hal_rcc.o
HAL_LIN_Init                                      Drivers\STM32F1xx_HAL_Driver\stm32f1xx_hal_uart.o
HAL_LIN_SendBreak                                 Drivers\STM32F1xx_HAL_Driver\stm32f1xx_hal_uart.o
HAL_MspDeInit                                     Drivers\STM32F1xx_HAL_Driver\stm32f1xx_hal.o
HAL_MspInit                                       Drivers\STM32F1xx_HAL_Driver\stm32f1xx_hal.o
HAL_MultiProcessor_EnterMuteMode                  Drivers\STM32F1xx_HAL_Driver\stm32f1xx_hal_uart.o
HAL_MultiProcessor_ExitMuteMode                   Drivers\STM32F1xx_HAL_Driver\stm32f1xx_hal_uart.o
HAL_MultiProcessor_Init                           Drivers\STM32F1xx_HAL_Driver\stm32f1xx_hal_uart.o
HAL_NVIC_ClearPendingIRQ                          Drivers\STM32F1xx_HAL_Driver\stm32f1xx_hal_cortex.o
HAL_NVIC_DisableIRQ                               Drivers\STM32F1xx_HAL_Driver\stm32f1xx_hal_cortex.o
HAL_NVIC_EnableIRQ                                Drivers\STM32F1xx_HAL_Driver\stm32f1xx_hal_cortex.o
HAL_NVIC_GetActive                                Drivers\STM32F1xx_HAL_Driver\stm32f1xx_hal_cortex.o
HAL_NVIC_GetPendingIRQ                            Drivers\STM32F1xx_HAL_Driver\stm32f1xx_hal_cortex.o
HAL_NVIC_GetPriority                              Drivers\STM32F1xx_HAL_Driver\stm32f1xx_hal_cortex.o
HAL_NVIC_GetPriorityGrouping                      Drivers\STM32F1xx_HAL_Driver\stm32f1xx_hal_cortex.o
HAL_NVIC_SetPendingIRQ                            Drivers\STM32F1xx_HAL_Driver\stm32f1xx_hal_cortex.o
HAL_NVIC_SetPriority                              Drivers\STM32F1xx_HAL_Driver\stm32f1xx_hal_cortex.o
                                                  Drivers\STM32F1xx_HAL_Driver\stm32f1xx_hal.o
HAL_NVIC_SetPriorityGrouping                      Drivers\STM32F1xx_HAL_Driver\stm32f1xx_hal_cortex.o
                                                  Drivers\STM32F1xx_HAL_Driver\stm32f1xx_hal.o
HAL_NVIC_SystemReset                              Drivers\STM32F1xx_HAL_Driver\stm32f1xx_hal_cortex.o
                                                  Drivers\STM32F1xx_HAL_Driver\stm32f1xx_hal_flash.o
HAL_PWR_ConfigPVD                                 Drivers\STM32F1xx_HAL_Driver\stm32f1xx_hal_pwr.o
HAL_PWR_DeInit                                    Drivers\STM32F1xx_HAL_Driver\stm32f1xx_hal_pwr.o
HAL_PWR_DisableBkUpAccess                         Drivers\STM32F1xx_HAL_Driver\stm32f1xx_hal_pwr.o
HAL_PWR_DisablePVD                                Drivers\STM32F1xx_HAL_Driver\stm32f1xx_hal_pwr.o
HAL_PWR_DisableSEVOnPend                          Drivers\STM32F1xx_HAL_Driver\stm32f1xx_hal_pwr.o
HAL_PWR_DisableSleepOnExit                        Drivers\STM32F1xx_HAL_Driver\stm32f1xx_hal_pwr.o
HAL_PWR_DisableWakeUpPin                          Drivers\STM32F1xx_HAL_Driver\stm32f1xx_hal_pwr.o
HAL_PWR_EnableBkUpAccess                          Drivers\STM32F1xx_HAL_Driver\stm32f1xx_hal_pwr.o
HAL_PWR_EnablePVD                                 Drivers\STM32F1xx_HAL_Driver\stm32f1xx_hal_pwr.o
HAL_PWR_EnableSEVOnPend                           Drivers\STM32F1xx_HAL_Driver\stm32f1xx_hal_pwr.o
HAL_PWR_EnableSleepOnExit                         Drivers\STM32F1xx_HAL_Driver\stm32f1xx_hal_pwr.o
HAL_PWR_EnableWakeUpPin                           Drivers\STM32F1xx_HAL_Driver\stm32f1xx_hal_pwr.o
HAL_PWR_EnterSLEEPMode                            Drivers\STM32F1xx_HAL_Driver\stm32f1xx_hal_pwr.o
HAL_PWR_EnterSTANDBYMode                          Drivers\STM32F1xx_HAL_Driver\stm32f1xx_hal_pwr.o
HAL_PWR_EnterSTOPMode                             Drivers\STM32F1xx_HAL_Driver\stm32f1xx_hal_pwr.o
HAL_PWR_PVDCallback                               Drivers\STM32F1xx_HAL_Driver\stm32f1xx_hal_pwr.o
HAL_PWR_PVD_IRQHandler                            Drivers\STM32F1xx_HAL_Driver\stm32f1xx_hal_pwr.o
HAL_RCCEx_GetPeriphCLKConfig                      Drivers\STM32F1xx_HAL_Driver\stm32f1xx_hal_rcc_ex.o
HAL_RCCEx_GetPeriphCLKFreq                        Drivers\STM32F1xx_HAL_Driver\stm32f1xx_hal_rcc_ex.o
HAL_RCCEx_PeriphCLKConfig                         Drivers\STM32F1xx_HAL_Driver\stm32f1xx_hal_rcc_ex.o
HAL_RCC_CSSCallback                               Drivers\STM32F1xx_HAL_Driver\stm32f1xx_hal_rcc.o
HAL_RCC_ClockConfig                               Drivers\STM32F1xx_HAL_Driver\stm32f1xx_hal_rcc.o
HAL_RCC_DeInit                                    Drivers\STM32F1xx_HAL_Driver\stm32f1xx_hal_rcc.o
HAL_RCC_DisableCSS                                Drivers\STM32F1xx_HAL_Driver\stm32f1xx_hal_rcc.o
HAL_RCC_EnableCSS                                 Drivers\STM32F1xx_HAL_Driver\stm32f1xx_hal_rcc.o
HAL_RCC_GetClockConfig                            Drivers\STM32F1xx_HAL_Driver\stm32f1xx_hal_rcc.o
HAL_RCC_GetHCLKFreq                               Drivers\STM32F1xx_HAL_Driver\stm32f1xx_hal_rcc.o
                                                  Drivers\STM32F1xx_HAL_Driver\stm32f1xx_hal.o
HAL_RCC_GetOscConfig                              Drivers\STM32F1xx_HAL_Driver\stm32f1xx_hal_rcc.o
HAL_RCC_GetPCLK1Freq                              Drivers\STM32F1xx_HAL_Driver\stm32f1xx_hal_rcc.o
                                                  Drivers\STM32F1xx_HAL_Driver\stm32f1xx_hal_uart.o
HAL_RCC_GetPCLK2Freq                              Drivers\STM32F1xx_HAL_Driver\stm32f1xx_hal_rcc.o
                                                  Drivers\STM32F1xx_HAL_Driver\stm32f1xx_hal_uart.o
                                                  Drivers\STM32F1xx_HAL_Driver\stm32f1xx_hal_rcc_ex.o
HAL_RCC_GetSysClockFreq                           Drivers\STM32F1xx_HAL_Driver\stm32f1xx_hal_rcc.o
HAL_RCC_MCOConfig                                 Drivers\STM32F1xx_HAL_Driver\stm32f1xx_hal_rcc.o
HAL_RCC_NMI_IRQHandler                            Drivers\STM32F1xx_HAL_Driver\stm32f1xx_hal_rcc.o
HAL_RCC_OscConfig                                 Drivers\STM32F1xx_HAL_Driver\stm32f1xx_hal_rcc.o
HAL_ResumeTick                                    Drivers\STM32F1xx_HAL_Driver\stm32f1xx_hal.o
HAL_SYSTICK_CLKSourceConfig                       Drivers\STM32F1xx_HAL_Driver\stm32f1xx_hal_cortex.o
HAL_SYSTICK_Callback                              Drivers\STM32F1xx_HAL_Driver\stm32f1xx_hal_cortex.o
HAL_SYSTICK_Config                                Drivers\STM32F1xx_HAL_Driver\stm32f1xx_hal_cortex.o
                                                  Drivers\STM32F1xx_HAL_Driver\stm32f1xx_hal.o
HAL_SYSTICK_IRQHandler                            Drivers\STM32F1xx_HAL_Driver\stm32f1xx_hal_cortex.o
HAL_SuspendTick                                   Drivers\STM32F1xx_HAL_Driver\stm32f1xx_hal.o
HAL_TIMEx_BreakCallback                           Drivers\STM32F1xx_HAL_Driver\stm32f1xx_hal_tim_ex.o
                                                  Drivers\STM32F1xx_HAL_Driver\stm32f1xx_hal_tim.o
HAL_TIMEx_CommutationCallback                     Drivers\STM32F1xx_HAL_Driver\stm32f1xx_hal_tim_ex.o
                                                  Drivers\STM32F1xx_HAL_Driver\stm32f1xx_hal_tim.o
HAL_TIMEx_ConfigBreakDeadTime                     Drivers\STM32F1xx_HAL_Driver\stm32f1xx_hal_tim_ex.o
HAL_TIMEx_ConfigCommutationEvent                  Drivers\STM32F1xx_HAL_Driver\stm32f1xx_hal_tim_ex.o
HAL_TIMEx_ConfigCommutationEvent_DMA              Drivers\STM32F1xx_HAL_Driver\stm32f1xx_hal_tim_ex.o
HAL_TIMEx_ConfigCommutationEvent_IT               Drivers\STM32F1xx_HAL_Driver\stm32f1xx_hal_tim_ex.o
HAL_TIMEx_HallSensor_DeInit                       Drivers\STM32F1xx_HAL_Driver\stm32f1xx_hal_tim_ex.o
HAL_TIMEx_HallSensor_GetState                     Drivers\STM32F1xx_HAL_Driver\stm32f1xx_hal_tim_ex.o
HAL_TIMEx_HallSensor_Init                         Drivers\STM32F1xx_HAL_Driver\stm32f1xx_hal_tim_ex.o
HAL_TIMEx_HallSensor_MspDeInit                    Drivers\STM32F1xx_HAL_Driver\stm32f1xx_hal_tim_ex.o
HAL_TIMEx_HallSensor_MspInit                      Drivers\STM32F1xx_HAL_Driver\stm32f1xx_hal_tim_ex.o
HAL_TIMEx_HallSensor_Start                        Drivers\STM32F1xx_HAL_Driver\stm32f1xx_hal_tim_ex.o
HAL_TIMEx_HallSensor_Start_DMA                    Drivers\STM32F1xx_HAL_Driver\stm32f1xx_hal_tim_ex.o
HAL_TIMEx_HallSensor_Start_IT                     Drivers\STM32F1xx_HAL_Driver\stm32f1xx_hal_tim_ex.o
HAL_TIMEx_HallSensor_Stop                         Drivers\STM32F1xx_HAL_Driver\stm32f1xx_hal_tim_ex.o
HAL_TIMEx_HallSensor_Stop_DMA                     Drivers\STM32F1xx_HAL_Driver\stm32f1xx_hal_tim_ex.o
HAL_TIMEx_HallSensor_Stop_IT                      Drivers\STM32F1xx_HAL_Driver\stm32f1xx_hal_tim_ex.o
HAL_TIMEx_MasterConfigSynchronization             Drivers\STM32F1xx_HAL_Driver\stm32f1xx_hal_tim_ex.o
HAL_TIMEx_OCN_Start                               Drivers\STM32F1xx_HAL_Driver\stm32f1xx_hal_tim_ex.o
HAL_TIMEx_OCN_Start_DMA                           Drivers\STM32F1xx_HAL_Driver\stm32f1xx_hal_tim_ex.o
HAL_TIMEx_OCN_Start_IT                            Drivers\STM32F1xx_HAL_Driver\stm32f1xx_hal_tim_ex.o
HAL_TIMEx_OCN_Stop                                Drivers\STM32F1xx_HAL_Driver\stm32f1xx_hal_tim_ex.o
HAL_TIMEx_OCN_Stop_DMA                            Drivers\STM32F1xx_HAL_Driver\stm32f1xx_hal_tim_ex.o
HAL_TIMEx_OCN_Stop_IT                             Drivers\STM32F1xx_HAL_Driver\stm32f1xx_hal_tim_ex.o
HAL_TIMEx_OnePulseN_Start                         Drivers\STM32F1xx_HAL_Driver\stm32f1xx_hal_tim_ex.o
HAL_TIMEx_OnePulseN_Start_IT                      Drivers\STM32F1xx_HAL_Driver\stm32f1xx_hal_tim_ex.o
HAL_TIMEx_OnePulseN_Stop                          Drivers\STM32F1xx_HAL_Driver\stm32f1xx_hal_tim_ex.o
HAL_TIMEx_OnePulseN_Stop_IT                       Drivers\STM32F1xx_HAL_Driver\stm32f1xx_hal_tim_ex.o
HAL_TIMEx_PWMN_Start                              Drivers\STM32F1xx_HAL_Driver\stm32f1xx_hal_tim_ex.o
HAL_TIMEx_PWMN_Start_DMA                          Drivers\STM32F1xx_HAL_Driver\stm32f1xx_hal_tim_ex.o
HAL_TIMEx_PWMN_Start_IT                           Drivers\STM32F1xx_HAL_Driver\stm32f1xx_hal_tim_ex.o
HAL_TIMEx_PWMN_Stop                               Drivers\STM32F1xx_HAL_Driver\stm32f1xx_hal_tim_ex.o
HAL_TIMEx_PWMN_Stop_DMA                           Drivers\STM32F1xx_HAL_Driver\stm32f1xx_hal_tim_ex.o
HAL_TIMEx_PWMN_Stop_IT                            Drivers\STM32F1xx_HAL_Driver\stm32f1xx_hal_tim_ex.o
HAL_TIM_Base_DeInit                               Drivers\STM32F1xx_HAL_Driver\stm32f1xx_hal_tim.o
HAL_TIM_Base_GetState                             Drivers\STM32F1xx_HAL_Driver\stm32f1xx_hal_tim.o
HAL_TIM_Base_Init                                 Drivers\STM32F1xx_HAL_Driver\stm32f1xx_hal_tim.o
HAL_TIM_Base_MspDeInit                            Drivers\STM32F1xx_HAL_Driver\stm32f1xx_hal_tim.o
HAL_TIM_Base_MspInit                              Drivers\STM32F1xx_HAL_Driver\stm32f1xx_hal_tim.o
HAL_TIM_Base_Start                                Drivers\STM32F1xx_HAL_Driver\stm32f1xx_hal_tim.o
HAL_TIM_Base_Start_DMA                            Drivers\STM32F1xx_HAL_Driver\stm32f1xx_hal_tim.o
HAL_TIM_Base_Start_IT                             Drivers\STM32F1xx_HAL_Driver\stm32f1xx_hal_tim.o
HAL_TIM_Base_Stop                                 Drivers\STM32F1xx_HAL_Driver\stm32f1xx_hal_tim.o
HAL_TIM_Base_Stop_DMA                             Drivers\STM32F1xx_HAL_Driver\stm32f1xx_hal_tim.o
HAL_TIM_Base_Stop_IT                              Drivers\STM32F1xx_HAL_Driver\stm32f1xx_hal_tim.o
HAL_TIM_ConfigClockSource                         Drivers\STM32F1xx_HAL_Driver\stm32f1xx_hal_tim.o
HAL_TIM_ConfigOCrefClear                          Drivers\STM32F1xx_HAL_Driver\stm32f1xx_hal_tim.o
HAL_TIM_ConfigTI1Input                            Drivers\STM32F1xx_HAL_Driver\stm32f1xx_hal_tim.o
HAL_TIM_DMABurst_ReadStart                        Drivers\STM32F1xx_HAL_Driver\stm32f1xx_hal_tim.o
HAL_TIM_DMABurst_ReadStop                         Drivers\STM32F1xx_HAL_Driver\stm32f1xx_hal_tim.o
HAL_TIM_DMABurst_WriteStart                       Drivers\STM32F1xx_HAL_Driver\stm32f1xx_hal_tim.o
HAL_TIM_DMABurst_WriteStop                        Drivers\STM32F1xx_HAL_Driver\stm32f1xx_hal_tim.o
HAL_TIM_Encoder_DeInit                            Drivers\STM32F1xx_HAL_Driver\stm32f1xx_hal_tim.o
HAL_TIM_Encoder_GetState                          Drivers\STM32F1xx_HAL_Driver\stm32f1xx_hal_tim.o
HAL_TIM_Encoder_Init                              Drivers\STM32F1xx_HAL_Driver\stm32f1xx_hal_tim.o
HAL_TIM_Encoder_MspDeInit                         Drivers\STM32F1xx_HAL_Driver\stm32f1xx_hal_tim.o
HAL_TIM_Encoder_MspInit                           Drivers\STM32F1xx_HAL_Driver\stm32f1xx_hal_tim.o
HAL_TIM_Encoder_Start                             Drivers\STM32F1xx_HAL_Driver\stm32f1xx_hal_tim.o
HAL_TIM_Encoder_Start_DMA                         Drivers\STM32F1xx_HAL_Driver\stm32f1xx_hal_tim.o
HAL_TIM_Encoder_Start_IT                          Drivers\STM32F1xx_HAL_Driver\stm32f1xx_hal_tim.o
HAL_TIM_Encoder_Stop                              Drivers\STM32F1xx_HAL_Driver\stm32f1xx_hal_tim.o
HAL_TIM_Encoder_Stop_DMA                          Drivers\STM32F1xx_HAL_Driver\stm32f1xx_hal_tim.o
HAL_TIM_Encoder_Stop_IT                           Drivers\STM32F1xx_HAL_Driver\stm32f1xx_hal_tim.o
HAL_TIM_ErrorCallback                             Drivers\STM32F1xx_HAL_Driver\stm32f1xx_hal_tim.o
HAL_TIM_GenerateEvent                             Drivers\STM32F1xx_HAL_Driver\stm32f1xx_hal_tim.o
HAL_TIM_IC_CaptureCallback                        Drivers\STM32F1xx_HAL_Driver\stm32f1xx_hal_tim.o
HAL_TIM_IC_ConfigChannel                          Drivers\STM32F1xx_HAL_Driver\stm32f1xx_hal_tim.o
HAL_TIM_IC_DeInit                                 Drivers\STM32F1xx_HAL_Driver\stm32f1xx_hal_tim.o
HAL_TIM_IC_GetState                               Drivers\STM32F1xx_HAL_Driver\stm32f1xx_hal_tim.o
HAL_TIM_IC_Init                                   Drivers\STM32F1xx_HAL_Driver\stm32f1xx_hal_tim.o
HAL_TIM_IC_MspDeInit                              Drivers\STM32F1xx_HAL_Driver\stm32f1xx_hal_tim.o
HAL_TIM_IC_MspInit                                Drivers\STM32F1xx_HAL_Driver\stm32f1xx_hal_tim.o
HAL_TIM_IC_Start                                  Drivers\STM32F1xx_HAL_Driver\stm32f1xx_hal_tim.o
HAL_TIM_IC_Start_DMA                              Drivers\STM32F1xx_HAL_Driver\stm32f1xx_hal_tim.o
HAL_TIM_IC_Start_IT                               Drivers\STM32F1xx_HAL_Driver\stm32f1xx_hal_tim.o
HAL_TIM_IC_Stop                                   Drivers\STM32F1xx_HAL_Driver\stm32f1xx_hal_tim.o
HAL_TIM_IC_Stop_DMA                               Drivers\STM32F1xx_HAL_Driver\stm32f1xx_hal_tim.o
HAL_TIM_IC_Stop_IT                                Drivers\STM32F1xx_HAL_Driver\stm32f1xx_hal_tim.o
HAL_TIM_IRQHandler                                Drivers\STM32F1xx_HAL_Driver\stm32f1xx_hal_tim.o
HAL_TIM_OC_ConfigChannel                          Drivers\STM32F1xx_HAL_Driver\stm32f1xx_hal_tim.o
HAL_TIM_OC_DeInit                                 Drivers\STM32F1xx_HAL_Driver\stm32f1xx_hal_tim.o
HAL_TIM_OC_DelayElapsedCallback                   Drivers\STM32F1xx_HAL_Driver\stm32f1xx_hal_tim.o
HAL_TIM_OC_GetState                               Drivers\STM32F1xx_HAL_Driver\stm32f1xx_hal_tim.o
HAL_TIM_OC_Init                                   Drivers\STM32F1xx_HAL_Driver\stm32f1xx_hal_tim.o
HAL_TIM_OC_MspDeInit                              Drivers\STM32F1xx_HAL_Driver\stm32f1xx_hal_tim.o
HAL_TIM_OC_MspInit                                Drivers\STM32F1xx_HAL_Driver\stm32f1xx_hal_tim.o
HAL_TIM_OC_Start                                  Drivers\STM32F1xx_HAL_Driver\stm32f1xx_hal_tim.o
HAL_TIM_OC_Start_DMA                              Drivers\STM32F1xx_HAL_Driver\stm32f1xx_hal_tim.o
HAL_TIM_OC_Start_IT                               Drivers\STM32F1xx_HAL_Driver\stm32f1xx_hal_tim.o
HAL_TIM_OC_Stop                                   Drivers\STM32F1xx_HAL_Driver\stm32f1xx_hal_tim.o
HAL_TIM_OC_Stop_DMA                               Drivers\STM32F1xx_HAL_Driver\stm32f1xx_hal_tim.o
HAL_TIM_OC_Stop_IT                                Drivers\STM32F1xx_HAL_Driver\stm32f1xx_hal_tim.o
HAL_TIM_OnePulse_ConfigChannel                    Drivers\STM32F1xx_HAL_Driver\stm32f1xx_hal_tim.o
HAL_TIM_OnePulse_DeInit                           Drivers\STM32F1xx_HAL_Driver\stm32f1xx_hal_tim.o
HAL_TIM_OnePulse_GetState                         Drivers\STM32F1xx_HAL_Driver\stm32f1xx_hal_tim.o
HAL_TIM_OnePulse_Init                             Drivers\STM32F1xx_HAL_Driver\stm32f1xx_hal_tim.o
HAL_TIM_OnePulse_MspDeInit                        Drivers\STM32F1xx_HAL_Driver\stm32f1xx_hal_tim.o
HAL_TIM_OnePulse_MspInit                          Drivers\STM32F1xx_HAL_Driver\stm32f1xx_hal_tim.o
HAL_TIM_OnePulse_Start                            Drivers\STM32F1xx_HAL_Driver\stm32f1xx_hal_tim.o
HAL_TIM_OnePulse_Start_IT                         Drivers\STM32F1xx_HAL_Driver\stm32f1xx_hal_tim.o
HAL_TIM_OnePulse_Stop                             Drivers\STM32F1xx_HAL_Driver\stm32f1xx_hal_tim.o
HAL_TIM_OnePulse_Stop_IT                          Drivers\STM32F1xx_HAL_Driver\stm32f1xx_hal_tim.o
HAL_TIM_PWM_ConfigChannel                         Drivers\STM32F1xx_HAL_Driver\stm32f1xx_hal_tim.o
HAL_TIM_PWM_DeInit                                Drivers\STM32F1xx_HAL_Driver\stm32f1xx_hal_tim.o
HAL_TIM_PWM_GetState                              Drivers\STM32F1xx_HAL_Driver\stm32f1xx_hal_tim.o
HAL_TIM_PWM_Init                                  Drivers\STM32F1xx_HAL_Driver\stm32f1xx_hal_tim.o
HAL_TIM_PWM_MspDeInit                             Drivers\STM32F1xx_HAL_Driver\stm32f1xx_hal_tim.o
HAL_TIM_PWM_MspInit                               Drivers\STM32F1xx_HAL_Driver\stm32f1xx_hal_tim.o
HAL_TIM_PWM_PulseFinishedCallback                 Drivers\STM32F1xx_HAL_Driver\stm32f1xx_hal_tim.o
HAL_TIM_PWM_Start                                 Drivers\STM32F1xx_HAL_Driver\stm32f1xx_hal_tim.o
HAL_TIM_PWM_Start_DMA                             Drivers\STM32F1xx_HAL_Driver\stm32f1xx_hal_tim.o
HAL_TIM_PWM_Start_IT                              Drivers\STM32F1xx_HAL_Driver\stm32f1xx_hal_tim.o
HAL_TIM_PWM_Stop                                  Drivers\STM32F1xx_HAL_Driver\stm32f1xx_hal_tim.o
HAL_TIM_PWM_Stop_DMA                              Drivers\STM32F1xx_HAL_Driver\stm32f1xx_hal_tim.o
HAL_TIM_PWM_Stop_IT                               Drivers\STM32F1xx_HAL_Driver\stm32f1xx_hal_tim.o
HAL_TIM_PeriodElapsedCallback                     Drivers\STM32F1xx_HAL_Driver\stm32f1xx_hal_tim.o
HAL_TIM_ReadCapturedValue                         Drivers\STM32F1xx_HAL_Driver\stm32f1xx_hal_tim.o
HAL_TIM_SlaveConfigSynchronization                Drivers\STM32F1xx_HAL_Driver\stm32f1xx_hal_tim.o
HAL_TIM_SlaveConfigSynchronization_IT             Drivers\STM32F1xx_HAL_Driver\stm32f1xx_hal_tim.o
HAL_TIM_TriggerCallback                           Drivers\STM32F1xx_HAL_Driver\stm32f1xx_hal_tim.o
HAL_UART_DMAPause                                 Drivers\STM32F1xx_HAL_Driver\stm32f1xx_hal_uart.o
HAL_UART_DMAResume                                Drivers\STM32F1xx_HAL_Driver\stm32f1xx_hal_uart.o
HAL_UART_DMAStop                                  Drivers\STM32F1xx_HAL_Driver\stm32f1xx_hal_uart.o
HAL_UART_DeInit                                   Drivers\STM32F1xx_HAL_Driver\stm32f1xx_hal_uart.o
HAL_UART_ErrorCallback                            Drivers\STM32F1xx_HAL_Driver\stm32f1xx_hal_uart.o
HAL_UART_GetError                                 Drivers\STM32F1xx_HAL_Driver\stm32f1xx_hal_uart.o
HAL_UART_GetState                                 Drivers\STM32F1xx_HAL_Driver\stm32f1xx_hal_uart.o
HAL_UART_IRQHandler                               Drivers\STM32F1xx_HAL_Driver\stm32f1xx_hal_uart.o
HAL_UART_Init                                     Drivers\STM32F1xx_HAL_Driver\stm32f1xx_hal_uart.o
HAL_UART_MspDeInit                                Drivers\STM32F1xx_HAL_Driver\stm32f1xx_hal_uart.o
HAL_UART_MspInit                                  Drivers\STM32F1xx_HAL_Driver\stm32f1xx_hal_uart.o
HAL_UART_Receive                                  Drivers\STM32F1xx_HAL_Driver\stm32f1xx_hal_uart.o
HAL_UART_Receive_DMA                              Drivers\STM32F1xx_HAL_Driver\stm32f1xx_hal_uart.o
HAL_UART_Receive_IT                               Drivers\STM32F1xx_HAL_Driver\stm32f1xx_hal_uart.o
HAL_UART_RxCpltCallback                           Drivers\STM32F1xx_HAL_Driver\stm32f1xx_hal_uart.o
HAL_UART_RxHalfCpltCallback                       Drivers\STM32F1xx_HAL_Driver\stm32f1xx_hal_uart.o
HAL_UART_Transmit                                 Drivers\STM32F1xx_HAL_Driver\stm32f1xx_hal_uart.o
HAL_UART_Transmit_DMA                             Drivers\STM32F1xx_HAL_Driver\stm32f1xx_hal_uart.o
HAL_UART_Transmit_IT                              Drivers\STM32F1xx_HAL_Driver\stm32f1xx_hal_uart.o
HAL_UART_TxCpltCallback                           Drivers\STM32F1xx_HAL_Driver\stm32f1xx_hal_uart.o
HAL_UART_TxHalfCpltCallback                       Drivers\STM32F1xx_HAL_Driver\stm32f1xx_hal_uart.o
HardFault_Handler                                 Application\TrueSTUDIO\startup_stm32f103xb.o
I2C1_ER_IRQHandler                                Application\TrueSTUDIO\startup_stm32f103xb.o
I2C1_EV_IRQHandler                                Application\TrueSTUDIO\startup_stm32f103xb.o
I2C2_ER_IRQHandler                                Application\TrueSTUDIO\startup_stm32f103xb.o
I2C2_EV_IRQHandler                                Application\TrueSTUDIO\startup_stm32f103xb.o
MemManage_Handler                                 Application\TrueSTUDIO\startup_stm32f103xb.o
NMI_Handler                                       Application\TrueSTUDIO\startup_stm32f103xb.o
PVD_IRQHandler                                    Application\TrueSTUDIO\startup_stm32f103xb.o
PendSV_Handler                                    Middlewares\FreeRTOS\port.o
                                                  Application\TrueSTUDIO\startup_stm32f103xb.o
RCC_IRQHandler                                    Application\TrueSTUDIO\startup_stm32f103xb.o
RTC_Alarm_IRQHandler                              Application\TrueSTUDIO\startup_stm32f103xb.o
RTC_IRQHandler                                    Application\TrueSTUDIO\startup_stm32f103xb.o
Reset_Handler                                     Application\TrueSTUDIO\startup_stm32f103xb.o
SPI1_IRQHandler                                   Application\TrueSTUDIO\startup_stm32f103xb.o
SPI2_IRQHandler                                   Application\TrueSTUDIO\startup_stm32f103xb.o
SVC_Handler                                       Middlewares\FreeRTOS\port.o
                                                  Application\TrueSTUDIO\startup_stm32f103xb.o
SysTick_Handler                                   Application\TrueSTUDIO\startup_stm32f103xb.o
SystemCoreClock                                   Drivers\CMSIS\system_stm32f1xx.o
                                                  Middlewares\FreeRTOS\port.o
                                                  Drivers\STM32F1xx_HAL_Driver\stm32f1xx_hal_rcc.o
SystemCoreClockUpdate                             Drivers\CMSIS\system_stm32f1xx.o
SystemInit                                        Drivers\CMSIS\system_stm32f1xx.o
                                                  Application\TrueSTUDIO\startup_stm32f103xb.o
TAMPER_IRQHandler                                 Application\TrueSTUDIO\startup_stm32f103xb.o
TIM1_BRK_IRQHandler                               Application\TrueSTUDIO\startup_stm32f103xb.o
TIM1_CC_IRQHandler                                Application\TrueSTUDIO\startup_stm32f103xb.o
TIM1_TRG_COM_IRQHandler                           Application\TrueSTUDIO\startup_stm32f103xb.o
TIM1_UP_IRQHandler                                Application\TrueSTUDIO\startup_stm32f103xb.o
TIM2_IRQHandler                                   Application\TrueSTUDIO\startup_stm32f103xb.o
TIM3_IRQHandler                                   Application\TrueSTUDIO\startup_stm32f103xb.o
TIM4_IRQHandler                                   Application\TrueSTUDIO\startup_stm32f103xb.o
TIMEx_DMACommutationCplt                          Drivers\STM32F1xx_HAL_Driver\stm32f1xx_hal_tim_ex.o
                                                  Drivers\STM32F1xx_HAL_Driver\stm32f1xx_hal_tim.o
TIM_Base_SetConfig                                Drivers\STM32F1xx_HAL_Driver\stm32f1xx_hal_tim.o
                                                  Drivers\STM32F1xx_HAL_Driver\stm32f1xx_hal_tim_ex.o
TIM_CCxChannelCmd                                 Drivers\STM32F1xx_HAL_Driver\stm32f1xx_hal_tim.o
                                                  Drivers\STM32F1xx_HAL_Driver\stm32f1xx_hal_tim_ex.o
TIM_DMACaptureCplt                                Drivers\STM32F1xx_HAL_Driver\stm32f1xx_hal_tim.o
                                                  Drivers\STM32F1xx_HAL_Driver\stm32f1xx_hal_tim_ex.o
TIM_DMADelayPulseCplt                             Drivers\STM32F1xx_HAL_Driver\stm32f1xx_hal_tim.o
                                                  Drivers\STM32F1xx_HAL_Driver\stm32f1xx_hal_tim_ex.o
TIM_DMAError                                      Drivers\STM32F1xx_HAL_Driver\stm32f1xx_hal_tim.o
                                                  Drivers\STM32F1xx_HAL_Driver\stm32f1xx_hal_tim_ex.o
TIM_OC2_SetConfig                                 Drivers\STM32F1xx_HAL_Driver\stm32f1xx_hal_tim.o
                                                  Drivers\STM32F1xx_HAL_Driver\stm32f1xx_hal_tim_ex.o
TIM_TI1_SetConfig                                 Drivers\STM32F1xx_HAL_Driver\stm32f1xx_hal_tim.o
                                                  Drivers\STM32F1xx_HAL_Driver\stm32f1xx_hal_tim_ex.o
USART1_IRQHandler                                 Application\TrueSTUDIO\startup_stm32f103xb.o
USART2_IRQHandler                                 Application\TrueSTUDIO\startup_stm32f103xb.o
USART3_IRQHandler                                 Application\TrueSTUDIO\startup_stm32f103xb.o
USBWakeUp_IRQHandler                              Application\TrueSTUDIO\startup_stm32f103xb.o
USB_HP_CAN1_TX_IRQHandler                         Application\TrueSTUDIO\startup_stm32f103xb.o
USB_LP_CAN1_RX0_IRQHandler                        Application\TrueSTUDIO\startup_stm32f103xb.o
UsageFault_Handler                                Application\TrueSTUDIO\startup_stm32f103xb.o
WWDG_IRQHandler                                   Application\TrueSTUDIO\startup_stm32f103xb.o
__aeabi_llsr                                      c:/program files (x86)/atollic/truestudio for arm 6.0.0/armtools/bin/../lib/gcc/arm-atollic-eabi/5.3.1/armv7-m\libgcc.a(_lshrdi3.o)
                                                  Drivers\STM32F1xx_HAL_Driver\stm32f1xx_hal_flash.o
__deregister_frame_info                           c:/program files (x86)/atollic/truestudio for arm 6.0.0/armtools/bin/../lib/gcc/arm-atollic-eabi/5.3.1/armv7-m/crtbegin.o
__dso_handle                                      c:/program files (x86)/atollic/truestudio for arm 6.0.0/armtools/bin/../lib/gcc/arm-atollic-eabi/5.3.1/armv7-m/crtbegin.o
__init_array_end                                  c:/program files (x86)/atollic/truestudio for arm 6.0.0/armtools/bin/../lib/gcc/arm-atollic-eabi/5.3.1/../../../../arm-atollic-eabi/lib/armv7-m\libc.a(lib_a-init.o)
__init_array_start                                c:/program files (x86)/atollic/truestudio for arm 6.0.0/armtools/bin/../lib/gcc/arm-atollic-eabi/5.3.1/../../../../arm-atollic-eabi/lib/armv7-m\libc.a(lib_a-init.o)
__libc_init_array                                 c:/program files (x86)/atollic/truestudio for arm 6.0.0/armtools/bin/../lib/gcc/arm-atollic-eabi/5.3.1/../../../../arm-atollic-eabi/lib/armv7-m\libc.a(lib_a-init.o)
                                                  Application\TrueSTUDIO\startup_stm32f103xb.o
__lshrdi3                                         c:/program files (x86)/atollic/truestudio for arm 6.0.0/armtools/bin/../lib/gcc/arm-atollic-eabi/5.3.1/armv7-m\libgcc.a(_lshrdi3.o)
__preinit_array_end                               c:/program files (x86)/atollic/truestudio for arm 6.0.0/armtools/bin/../lib/gcc/arm-atollic-eabi/5.3.1/../../../../arm-atollic-eabi/lib/armv7-m\libc.a(lib_a-init.o)
__preinit_array_start                             c:/program files (x86)/atollic/truestudio for arm 6.0.0/armtools/bin/../lib/gcc/arm-atollic-eabi/5.3.1/../../../../arm-atollic-eabi/lib/armv7-m\libc.a(lib_a-init.o)
__register_frame_info                             c:/program files (x86)/atollic/truestudio for arm 6.0.0/armtools/bin/../lib/gcc/arm-atollic-eabi/5.3.1/armv7-m/crtbegin.o
_ebss                                             Application\TrueSTUDIO\startup_stm32f103xb.o
_edata                                            Application\TrueSTUDIO\startup_stm32f103xb.o
_estack                                           Application\TrueSTUDIO\startup_stm32f103xb.o
_fini                                             c:/program files (x86)/atollic/truestudio for arm 6.0.0/armtools/bin/../lib/gcc/arm-atollic-eabi/5.3.1/armv7-m/crti.o
_init                                             c:/program files (x86)/atollic/truestudio for arm 6.0.0/armtools/bin/../lib/gcc/arm-atollic-eabi/5.3.1/armv7-m/crti.o
                                                  c:/program files (x86)/atollic/truestudio for arm 6.0.0/armtools/bin/../lib/gcc/arm-atollic-eabi/5.3.1/../../../../arm-atollic-eabi/lib/armv7-m\libc.a(lib_a-init.o)
_sbss                                             Application\TrueSTUDIO\startup_stm32f103xb.o
_sdata                                            Application\TrueSTUDIO\startup_stm32f103xb.o
_sidata                                           Application\TrueSTUDIO\startup_stm32f103xb.o
g_pfnVectors                                      Application\TrueSTUDIO\startup_stm32f103xb.o
main                                              Application\TrueSTUDIO\startup_stm32f103xb.o
memcpy                                            c:/program files (x86)/atollic/truestudio for arm 6.0.0/armtools/bin/../lib/gcc/arm-atollic-eabi/5.3.1/../../../../arm-atollic-eabi/lib/armv7-m\libc.a(lib_a-memcpy-stub.o)
                                                  Middlewares\FreeRTOS\queue.o
memset                                            c:/program files (x86)/atollic/truestudio for arm 6.0.0/armtools/bin/../lib/gcc/arm-atollic-eabi/5.3.1/../../../../arm-atollic-eabi/lib/armv7-m\libc.a(lib_a-memset.o)
                                                  Middlewares\FreeRTOS\tasks.o
                                                  Drivers\STM32F1xx_HAL_Driver\stm32f1xx_hal_rcc.o
osDelay                                           Middlewares\FreeRTOS\cmsis_os.o
osDelayUntil                                      Middlewares\FreeRTOS\cmsis_os.o
osKernelRunning                                   Middlewares\FreeRTOS\cmsis_os.o
osKernelStart                                     Middlewares\FreeRTOS\cmsis_os.o
osKernelSysTick                                   Middlewares\FreeRTOS\cmsis_os.o
osMailAlloc                                       Middlewares\FreeRTOS\cmsis_os.o
osMailCAlloc                                      Middlewares\FreeRTOS\cmsis_os.o
osMailCreate                                      Middlewares\FreeRTOS\cmsis_os.o
osMailFree                                        Middlewares\FreeRTOS\cmsis_os.o
osMailGet                                         Middlewares\FreeRTOS\cmsis_os.o
osMailPut                                         Middlewares\FreeRTOS\cmsis_os.o
osMessageCreate                                   Middlewares\FreeRTOS\cmsis_os.o
osMessageGet                                      Middlewares\FreeRTOS\cmsis_os.o
osMessagePeek                                     Middlewares\FreeRTOS\cmsis_os.o
osMessagePut                                      Middlewares\FreeRTOS\cmsis_os.o
osMutexCreate                                     Middlewares\FreeRTOS\cmsis_os.o
osMutexDelete                                     Middlewares\FreeRTOS\cmsis_os.o
osMutexRelease                                    Middlewares\FreeRTOS\cmsis_os.o
osMutexWait                                       Middlewares\FreeRTOS\cmsis_os.o
osPoolAlloc                                       Middlewares\FreeRTOS\cmsis_os.o
osPoolCAlloc                                      Middlewares\FreeRTOS\cmsis_os.o
osPoolCreate                                      Middlewares\FreeRTOS\cmsis_os.o
osPoolFree                                        Middlewares\FreeRTOS\cmsis_os.o
osRecursiveMutexCreate                            Middlewares\FreeRTOS\cmsis_os.o
osRecursiveMutexRelease                           Middlewares\FreeRTOS\cmsis_os.o
osRecursiveMutexWait                              Middlewares\FreeRTOS\cmsis_os.o
osSemaphoreCreate                                 Middlewares\FreeRTOS\cmsis_os.o
osSemaphoreDelete                                 Middlewares\FreeRTOS\cmsis_os.o
osSemaphoreRelease                                Middlewares\FreeRTOS\cmsis_os.o
osSemaphoreWait                                   Middlewares\FreeRTOS\cmsis_os.o
osSignalSet                                       Middlewares\FreeRTOS\cmsis_os.o
osSignalWait                                      Middlewares\FreeRTOS\cmsis_os.o
osSystickHandler                                  Middlewares\FreeRTOS\cmsis_os.o
osThreadCreate                                    Middlewares\FreeRTOS\cmsis_os.o
osThreadGetId                                     Middlewares\FreeRTOS\cmsis_os.o
osThreadGetPriority                               Middlewares\FreeRTOS\cmsis_os.o
osThreadList                                      Middlewares\FreeRTOS\cmsis_os.o
osThreadResume                                    Middlewares\FreeRTOS\cmsis_os.o
osThreadResumeAll                                 Middlewares\FreeRTOS\cmsis_os.o
osThreadSetPriority                               Middlewares\FreeRTOS\cmsis_os.o
osThreadSuspend                                   Middlewares\FreeRTOS\cmsis_os.o
osThreadSuspendAll                                Middlewares\FreeRTOS\cmsis_os.o
osThreadTerminate                                 Middlewares\FreeRTOS\cmsis_os.o
osThreadYield                                     Middlewares\FreeRTOS\cmsis_os.o
osTimerCreate                                     Middlewares\FreeRTOS\cmsis_os.o
osTimerDelete                                     Middlewares\FreeRTOS\cmsis_os.o
osTimerStart                                      Middlewares\FreeRTOS\cmsis_os.o
osTimerStop                                       Middlewares\FreeRTOS\cmsis_os.o
pFlash                                            Drivers\STM32F1xx_HAL_Driver\stm32f1xx_hal_flash.o
                                                  Drivers\STM32F1xx_HAL_Driver\stm32f1xx_hal_flash_ex.o
pvPortMalloc                                      Middlewares\FreeRTOS\heap_4.o
                                                  Middlewares\FreeRTOS\tasks.o
                                                  Middlewares\FreeRTOS\queue.o
                                                  Middlewares\FreeRTOS\event_groups.o
                                                  Middlewares\FreeRTOS\cmsis_os.o
pvTaskIncrementMutexHeldCount                     Middlewares\FreeRTOS\tasks.o
                                                  Middlewares\FreeRTOS\queue.o
pxCurrentTCB                                      Middlewares\FreeRTOS\tasks.o
                                                  Middlewares\FreeRTOS\port.o
pxPortInitialiseStack                             Middlewares\FreeRTOS\port.o
                                                  Middlewares\FreeRTOS\tasks.o
ucQueueGetQueueType                               Middlewares\FreeRTOS\queue.o
ulPortSetInterruptMask                            Middlewares\FreeRTOS\port.o
                                                  Middlewares\FreeRTOS\tasks.o
                                                  Middlewares\FreeRTOS\queue.o
                                                  Middlewares\FreeRTOS\heap_4.o
                                                  Middlewares\FreeRTOS\event_groups.o
                                                  Middlewares\FreeRTOS\cmsis_os.o
ulTaskNotifyTake                                  Middlewares\FreeRTOS\tasks.o
uxEventGroupGetNumber                             Middlewares\FreeRTOS\event_groups.o
uxListRemove                                      Middlewares\FreeRTOS\list.o
                                                  Middlewares\FreeRTOS\tasks.o
uxQueueGetQueueNumber                             Middlewares\FreeRTOS\queue.o
uxQueueMessagesWaiting                            Middlewares\FreeRTOS\queue.o
uxQueueMessagesWaitingFromISR                     Middlewares\FreeRTOS\queue.o
uxQueueSpacesAvailable                            Middlewares\FreeRTOS\queue.o
uxTaskGetNumberOfTasks                            Middlewares\FreeRTOS\tasks.o
uxTaskGetSystemState                              Middlewares\FreeRTOS\tasks.o
uxTaskGetTaskNumber                               Middlewares\FreeRTOS\tasks.o
uxTaskPriorityGet                                 Middlewares\FreeRTOS\tasks.o
                                                  Middlewares\FreeRTOS\cmsis_os.o
uxTaskPriorityGetFromISR                          Middlewares\FreeRTOS\tasks.o
                                                  Middlewares\FreeRTOS\cmsis_os.o
uxTaskResetEventItemValue                         Middlewares\FreeRTOS\tasks.o
                                                  Middlewares\FreeRTOS\event_groups.o
vEventGroupClearBitsCallback                      Middlewares\FreeRTOS\event_groups.o
vEventGroupDelete                                 Middlewares\FreeRTOS\event_groups.o
vEventGroupSetBitsCallback                        Middlewares\FreeRTOS\event_groups.o
vListInitialise                                   Middlewares\FreeRTOS\list.o
                                                  Middlewares\FreeRTOS\tasks.o
                                                  Middlewares\FreeRTOS\queue.o
                                                  Middlewares\FreeRTOS\event_groups.o
vListInitialiseItem                               Middlewares\FreeRTOS\list.o
                                                  Middlewares\FreeRTOS\tasks.o
vListInsert                                       Middlewares\FreeRTOS\list.o
                                                  Middlewares\FreeRTOS\tasks.o
vListInsertEnd                                    Middlewares\FreeRTOS\list.o
                                                  Middlewares\FreeRTOS\tasks.o
vPortClearInterruptMask                           Middlewares\FreeRTOS\port.o
                                                  Middlewares\FreeRTOS\tasks.o
                                                  Middlewares\FreeRTOS\queue.o
                                                  Middlewares\FreeRTOS\event_groups.o
                                                  Middlewares\FreeRTOS\cmsis_os.o
vPortEndScheduler                                 Middlewares\FreeRTOS\port.o
                                                  Middlewares\FreeRTOS\tasks.o
vPortEnterCritical                                Middlewares\FreeRTOS\port.o
                                                  Middlewares\FreeRTOS\tasks.o
                                                  Middlewares\FreeRTOS\queue.o
                                                  Middlewares\FreeRTOS\event_groups.o
                                                  Middlewares\FreeRTOS\cmsis_os.o
vPortExitCritical                                 Middlewares\FreeRTOS\port.o
                                                  Middlewares\FreeRTOS\tasks.o
                                                  Middlewares\FreeRTOS\queue.o
                                                  Middlewares\FreeRTOS\event_groups.o
                                                  Middlewares\FreeRTOS\cmsis_os.o
vPortFree                                         Middlewares\FreeRTOS\heap_4.o
                                                  Middlewares\FreeRTOS\tasks.o
                                                  Middlewares\FreeRTOS\queue.o
                                                  Middlewares\FreeRTOS\event_groups.o
                                                  Middlewares\FreeRTOS\cmsis_os.o
vPortInitialiseBlocks                             Middlewares\FreeRTOS\heap_4.o
vPortSetupTimerInterrupt                          Middlewares\FreeRTOS\port.o
vPortValidateInterruptPriority                    Middlewares\FreeRTOS\port.o
                                                  Middlewares\FreeRTOS\tasks.o
                                                  Middlewares\FreeRTOS\queue.o
vPortYield                                        Middlewares\FreeRTOS\port.o
                                                  Middlewares\FreeRTOS\tasks.o
                                                  Middlewares\FreeRTOS\queue.o
                                                  Middlewares\FreeRTOS\event_groups.o
                                                  Middlewares\FreeRTOS\cmsis_os.o
vQueueAddToRegistry                               Middlewares\FreeRTOS\queue.o
vQueueDelete                                      Middlewares\FreeRTOS\queue.o
                                                  Middlewares\FreeRTOS\cmsis_os.o
vQueueSetQueueNumber                              Middlewares\FreeRTOS\queue.o
vQueueUnregisterQueue                             Middlewares\FreeRTOS\queue.o
vTaskDelay                                        Middlewares\FreeRTOS\tasks.o
                                                  Middlewares\FreeRTOS\cmsis_os.o
vTaskDelete                                       Middlewares\FreeRTOS\tasks.o
                                                  Middlewares\FreeRTOS\cmsis_os.o
vTaskEndScheduler                                 Middlewares\FreeRTOS\tasks.o
vTaskMissedYield                                  Middlewares\FreeRTOS\tasks.o
                                                  Middlewares\FreeRTOS\queue.o
vTaskNotifyGiveFromISR                            Middlewares\FreeRTOS\tasks.o
vTaskPlaceOnEventList                             Middlewares\FreeRTOS\tasks.o
                                                  Middlewares\FreeRTOS\queue.o
vTaskPlaceOnUnorderedEventList                    Middlewares\FreeRTOS\tasks.o
                                                  Middlewares\FreeRTOS\event_groups.o
vTaskPriorityInherit                              Middlewares\FreeRTOS\tasks.o
                                                  Middlewares\FreeRTOS\queue.o
vTaskPrioritySet                                  Middlewares\FreeRTOS\tasks.o
                                                  Middlewares\FreeRTOS\cmsis_os.o
vTaskResume                                       Middlewares\FreeRTOS\tasks.o
                                                  Middlewares\FreeRTOS\cmsis_os.o
vTaskSetTaskNumber                                Middlewares\FreeRTOS\tasks.o
vTaskSetTimeOutState                              Middlewares\FreeRTOS\tasks.o
                                                  Middlewares\FreeRTOS\queue.o
vTaskStartScheduler                               Middlewares\FreeRTOS\tasks.o
                                                  Middlewares\FreeRTOS\cmsis_os.o
vTaskSuspend                                      Middlewares\FreeRTOS\tasks.o
                                                  Middlewares\FreeRTOS\cmsis_os.o
vTaskSuspendAll                                   Middlewares\FreeRTOS\tasks.o
                                                  Middlewares\FreeRTOS\queue.o
                                                  Middlewares\FreeRTOS\heap_4.o
                                                  Middlewares\FreeRTOS\event_groups.o
                                                  Middlewares\FreeRTOS\cmsis_os.o
vTaskSwitchContext                                Middlewares\FreeRTOS\tasks.o
                                                  Middlewares\FreeRTOS\port.o
xEventGroupClearBits                              Middlewares\FreeRTOS\event_groups.o
xEventGroupCreate                                 Middlewares\FreeRTOS\event_groups.o
xEventGroupGetBitsFromISR                         Middlewares\FreeRTOS\event_groups.o
xEventGroupSetBits                                Middlewares\FreeRTOS\event_groups.o
xEventGroupSync                                   Middlewares\FreeRTOS\event_groups.o
xEventGroupWaitBits                               Middlewares\FreeRTOS\event_groups.o
xPortGetFreeHeapSize                              Middlewares\FreeRTOS\heap_4.o
xPortGetMinimumEverFreeHeapSize                   Middlewares\FreeRTOS\heap_4.o
xPortStartScheduler                               Middlewares\FreeRTOS\port.o
                                                  Middlewares\FreeRTOS\tasks.o
xPortSysTickHandler                               Middlewares\FreeRTOS\port.o
                                                  Middlewares\FreeRTOS\cmsis_os.o
xQueueCreateMutex                                 Middlewares\FreeRTOS\queue.o
                                                  Middlewares\FreeRTOS\cmsis_os.o
xQueueGenericCreate                               Middlewares\FreeRTOS\queue.o
                                                  Middlewares\FreeRTOS\cmsis_os.o
xQueueGenericReceive                              Middlewares\FreeRTOS\queue.o
                                                  Middlewares\FreeRTOS\cmsis_os.o
xQueueGenericReset                                Middlewares\FreeRTOS\queue.o
xQueueGenericSend                                 Middlewares\FreeRTOS\queue.o
                                                  Middlewares\FreeRTOS\cmsis_os.o
xQueueGenericSendFromISR                          Middlewares\FreeRTOS\queue.o
                                                  Middlewares\FreeRTOS\cmsis_os.o
xQueueGiveFromISR                                 Middlewares\FreeRTOS\queue.o
                                                  Middlewares\FreeRTOS\cmsis_os.o
xQueueIsQueueEmptyFromISR                         Middlewares\FreeRTOS\queue.o
xQueueIsQueueFullFromISR                          Middlewares\FreeRTOS\queue.o
xQueuePeekFromISR                                 Middlewares\FreeRTOS\queue.o
xQueueReceiveFromISR                              Middlewares\FreeRTOS\queue.o
                                                  Middlewares\FreeRTOS\cmsis_os.o
xQueueRegistry                                    Middlewares\FreeRTOS\queue.o
xTaskCheckForTimeOut                              Middlewares\FreeRTOS\tasks.o
                                                  Middlewares\FreeRTOS\queue.o
xTaskGenericCreate                                Middlewares\FreeRTOS\tasks.o
                                                  Middlewares\FreeRTOS\cmsis_os.o
xTaskGenericNotify                                Middlewares\FreeRTOS\tasks.o
                                                  Middlewares\FreeRTOS\cmsis_os.o
xTaskGenericNotifyFromISR                         Middlewares\FreeRTOS\tasks.o
                                                  Middlewares\FreeRTOS\cmsis_os.o
xTaskGetCurrentTaskHandle                         Middlewares\FreeRTOS\tasks.o
                                                  Middlewares\FreeRTOS\cmsis_os.o
xTaskGetSchedulerState                            Middlewares\FreeRTOS\tasks.o
                                                  Middlewares\FreeRTOS\queue.o
                                                  Middlewares\FreeRTOS\event_groups.o
                                                  Middlewares\FreeRTOS\cmsis_os.o
xTaskGetTickCount                                 Middlewares\FreeRTOS\tasks.o
                                                  Middlewares\FreeRTOS\cmsis_os.o
xTaskGetTickCountFromISR                          Middlewares\FreeRTOS\tasks.o
                                                  Middlewares\FreeRTOS\cmsis_os.o
xTaskIncrementTick                                Middlewares\FreeRTOS\tasks.o
                                                  Middlewares\FreeRTOS\port.o
xTaskNotifyStateClear                             Middlewares\FreeRTOS\tasks.o
xTaskNotifyWait                                   Middlewares\FreeRTOS\tasks.o
                                                  Middlewares\FreeRTOS\cmsis_os.o
xTaskPriorityDisinherit                           Middlewares\FreeRTOS\tasks.o
                                                  Middlewares\FreeRTOS\queue.o
xTaskRemoveFromEventList                          Middlewares\FreeRTOS\tasks.o
                                                  Middlewares\FreeRTOS\queue.o
xTaskRemoveFromUnorderedEventList                 Middlewares\FreeRTOS\tasks.o
                                                  Middlewares\FreeRTOS\event_groups.o
xTaskResumeAll                                    Middlewares\FreeRTOS\tasks.o
                                                  Middlewares\FreeRTOS\queue.o
                                                  Middlewares\FreeRTOS\heap_4.o
                                                  Middlewares\FreeRTOS\event_groups.o
                                                  Middlewares\FreeRTOS\cmsis_os.o
xTaskResumeFromISR                                Middlewares\FreeRTOS\tasks.o
                                                  Middlewares\FreeRTOS\cmsis_os.o
